#
# There is insufficient memory for the Java Runtime Environment to continue.
# Native memory allocation (malloc) failed to allocate 1719360 bytes. Error detail: Chunk::new
# Possible reasons:
#   The system is out of physical RAM or swap space
#   This process is running with CompressedOops enabled, and the Java Heap may be blocking the growth of the native heap
# Possible solutions:
#   Reduce memory load on the system
#   Increase physical memory or swap space
#   Check if swap backing store is full
#   Decrease Java heap size (-Xmx/-Xms)
#   Decrease number of Java threads
#   Decrease Java thread stack sizes (-Xss)
#   Set larger code cache with -XX:ReservedCodeCacheSize=
#   JVM is running with Unscaled Compressed Oops mode in which the Java heap is
#     placed in the first 4GB address space. The Java Heap base address is the
#     maximum limit for the native heap growth. Please use -XX:HeapBaseMinAddress
#     to set the Java Heap base and to place the Java Heap above 4GB virtual address.
# This output file may be truncated or incomplete.
#
#  Out of Memory Error (arena.cpp:168), pid=25084, tid=16940
#
# JRE version: OpenJDK Runtime Environment Temurin-21.0.11+10 (21.0.11+10) (build 21.0.11+10-LTS)
# Java VM: OpenJDK 64-Bit Server VM Temurin-21.0.11+10 (21.0.11+10-LTS, mixed mode, sharing, tiered, compressed oops, compressed class ptrs, parallel gc, windows-amd64)
# No core dump will be written. Minidumps are not enabled by default on client versions of Windows
#

---------------  S U M M A R Y ------------

Command Line: --add-modules=ALL-SYSTEM --add-opens=java.base/java.util=ALL-UNNAMED --add-opens=java.base/java.lang=ALL-UNNAMED --add-opens=java.base/sun.nio.fs=ALL-UNNAMED -Declipse.application=org.eclipse.jdt.ls.core.id1 -Dosgi.bundles.defaultStartLevel=4 -Declipse.product=org.eclipse.jdt.ls.core.product -Djava.import.generatesMetadataFilesAtProjectRoot=false -DDetectVMInstallationsJob.disabled=true -Dfile.encoding=utf8 -XX:+UseParallelGC -XX:GCTimeRatio=4 -XX:AdaptiveSizePolicyWeight=90 -Dsun.zip.disableMemoryMapping=true -Xmx2G -Xms100m -Xlog:disable -javaagent:c:\Users\hk249\.vscode\extensions\redhat.java-1.55.0-win32-x64\lombok\lombok-1.18.39-4050.jar -XX:+HeapDumpOnOutOfMemoryError -XX:HeapDumpPath=c:\Users\hk249\AppData\Roaming\Code\User\workspaceStorage\014dbe73b760806c391dcbd143323bf3\redhat.java -Daether.dependencyCollector.impl=bf c:\Users\hk249\.vscode\extensions\redhat.java-1.55.0-win32-x64\server\plugins\org.eclipse.equinox.launcher_1.7.200.v20260619-2039.jar -configuration c:\Users\hk249\AppData\Roaming\Code\User\globalStorage\redhat.java\1.55.0\config_win -data c:\Users\hk249\AppData\Roaming\Code\User\workspaceStorage\014dbe73b760806c391dcbd143323bf3\redhat.java\jdt_ws --pipe=\\.\pipe\lsp-5ad398291d2d4b3a8b071da5bd2be914-sock

Host: AMD Ryzen 5 5600H with Radeon Graphics         , 12 cores, 15G,  Windows 11 , 64 bit Build 26100 (10.0.26100.8737)
Time: Wed Jul  1 09:57:04 2026 India Standard Time elapsed time: 7.668285 seconds (0d 0h 0m 7s)

---------------  T H R E A D  ---------------

Current thread (0x000002257feaf590):  JavaThread "C2 CompilerThread0" daemon [_thread_in_native, id=16940, stack(0x0000009bb9000000,0x0000009bb9100000) (1024K)]


Current CompileTask:
C2:7668 4469   !   4       org.eclipse.osgi.internal.loader.classpath.ClasspathManager::findClassImpl (328 bytes)

Stack: [0x0000009bb9000000,0x0000009bb9100000]
Native frames: (J=compiled Java code, j=interpreted, Vv=VM code, C=native code)
V  [jvm.dll+0x6d7e19]
V  [jvm.dll+0x8b5096]
V  [jvm.dll+0x8b764e]
V  [jvm.dll+0x8b7d33]
V  [jvm.dll+0x284596]
V  [jvm.dll+0xc685d]
V  [jvm.dll+0xc6da1]
V  [jvm.dll+0x3bed6b]
V  [jvm.dll+0x1e3f42]
V  [jvm.dll+0x24c853]
V  [jvm.dll+0x24bce0]
V  [jvm.dll+0x1cb4ae]
V  [jvm.dll+0x25baad]
V  [jvm.dll+0x25a03a]
V  [jvm.dll+0x3f868e]
V  [jvm.dll+0x85fb0d]
V  [jvm.dll+0x6d664d]
C  [ucrtbase.dll+0x2cd30]
C  [KERNEL32.DLL+0x2e957]
C  [ntdll.dll+0xaad6c]


---------------  P R O C E S S  ---------------

Threads class SMR info:
_java_thread_list=0x00000225642609c0, length=46, elements={
0x000002257fdfde00, 0x000002257fea0f40, 0x000002257fea44d0, 0x000002257fea72b0,
0x000002257fea7d10, 0x000002257feaa780, 0x000002257feae750, 0x000002257feaf590,
0x000002257feb1c60, 0x000002255a992cc0, 0x000002255aad3890, 0x000002255bd50d90,
0x0000022560468c90, 0x000002255ba43e70, 0x000002255bb29420, 0x0000022560a477b0,
0x0000022560a8d000, 0x000002255b76b0b0, 0x00000225609b7e30, 0x000002256041c140,
0x000002256041c7d0, 0x000002256041ce60, 0x000002256041d4f0, 0x000002256041a070,
0x000002255be53900, 0x000002256041ad90, 0x000002256041b420, 0x000002256041a700,
0x000002256041bab0, 0x00000225625376c0, 0x0000022562537d50, 0x0000022562535c80,
0x0000022562537030, 0x00000225625383e0, 0x0000022562538a70, 0x0000022562539100,
0x0000022562536310, 0x00000225625369a0, 0x0000022561a3ea40, 0x0000022561a41ec0,
0x0000022561a42550, 0x0000022561a40b10, 0x0000022561a411a0, 0x0000022561a3fdf0,
0x0000022561a3f0d0, 0x0000022561a40480
}

Java Threads: ( => current thread )
  0x000002257fdfde00 JavaThread "main"                              [_thread_blocked, id=19992, stack(0x0000009bb8600000,0x0000009bb8700000) (1024K)]
  0x000002257fea0f40 JavaThread "Reference Handler"          daemon [_thread_blocked, id=25088, stack(0x0000009bb8a00000,0x0000009bb8b00000) (1024K)]
  0x000002257fea44d0 JavaThread "Finalizer"                  daemon [_thread_blocked, id=5588, stack(0x0000009bb8b00000,0x0000009bb8c00000) (1024K)]
  0x000002257fea72b0 JavaThread "Signal Dispatcher"          daemon [_thread_blocked, id=24968, stack(0x0000009bb8c00000,0x0000009bb8d00000) (1024K)]
  0x000002257fea7d10 JavaThread "Attach Listener"            daemon [_thread_blocked, id=17716, stack(0x0000009bb8d00000,0x0000009bb8e00000) (1024K)]
  0x000002257feaa780 JavaThread "Service Thread"             daemon [_thread_blocked, id=2268, stack(0x0000009bb8e00000,0x0000009bb8f00000) (1024K)]
  0x000002257feae750 JavaThread "Monitor Deflation Thread"   daemon [_thread_blocked, id=25736, stack(0x0000009bb8f00000,0x0000009bb9000000) (1024K)]
=>0x000002257feaf590 JavaThread "C2 CompilerThread0"         daemon [_thread_in_native, id=16940, stack(0x0000009bb9000000,0x0000009bb9100000) (1024K)]
  0x000002257feb1c60 JavaThread "C1 CompilerThread0"         daemon [_thread_in_native, id=15348, stack(0x0000009bb9100000,0x0000009bb9200000) (1024K)]
  0x000002255a992cc0 JavaThread "Common-Cleaner"             daemon [_thread_blocked, id=7400, stack(0x0000009bb9300000,0x0000009bb9400000) (1024K)]
  0x000002255aad3890 JavaThread "Notification Thread"        daemon [_thread_blocked, id=14360, stack(0x0000009bb9400000,0x0000009bb9500000) (1024K)]
  0x000002255bd50d90 JavaThread "Active Thread: Equinox Container: aceab67a-e82d-441d-94ef-687699b29705"        [_thread_blocked, id=22928, stack(0x0000009bb9c00000,0x0000009bb9d00000) (1024K)]
  0x0000022560468c90 JavaThread "Refresh Thread: Equinox Container: aceab67a-e82d-441d-94ef-687699b29705" daemon [_thread_blocked, id=9600, stack(0x0000009bb9e00000,0x0000009bb9f00000) (1024K)]
  0x000002255ba43e70 JavaThread "Framework Event Dispatcher: Equinox Container: aceab67a-e82d-441d-94ef-687699b29705" daemon [_thread_blocked, id=10784, stack(0x0000009bb9f00000,0x0000009bba000000) (1024K)]
  0x000002255bb29420 JavaThread "Start Level: Equinox Container: aceab67a-e82d-441d-94ef-687699b29705" daemon [_thread_blocked, id=15024, stack(0x0000009bba000000,0x0000009bba100000) (1024K)]
  0x0000022560a477b0 JavaThread "Bundle File Closer"         daemon [_thread_blocked, id=19836, stack(0x0000009bba300000,0x0000009bba400000) (1024K)]
  0x0000022560a8d000 JavaThread "SCR Component Actor"        daemon [_thread_blocked, id=26952, stack(0x0000009bb9200000,0x0000009bb9300000) (1024K)]
  0x000002255b76b0b0 JavaThread "C2 CompilerThread1"         daemon [_thread_in_native, id=11528, stack(0x0000009bb9500000,0x0000009bb9600000) (1024K)]
  0x00000225609b7e30 JavaThread "Worker-JM"                         [_thread_blocked, id=23832, stack(0x0000009bba500000,0x0000009bba600000) (1024K)]
  0x000002256041c140 JavaThread "JNA Cleaner"                daemon [_thread_blocked, id=13824, stack(0x0000009bba400000,0x0000009bba500000) (1024K)]
  0x000002256041c7d0 JavaThread "Worker-0"                          [_thread_blocked, id=25484, stack(0x0000009bba600000,0x0000009bba700000) (1024K)]
  0x000002256041ce60 JavaThread "Worker-1: Repository registry initialization"        [_thread_in_Java, id=27180, stack(0x0000009bba700000,0x0000009bba800000) (1024K)]
  0x000002256041d4f0 JavaThread "Worker-2"                          [_thread_blocked, id=22540, stack(0x0000009bba800000,0x0000009bba900000) (1024K)]
  0x000002256041a070 JavaThread "Java indexing"              daemon [_thread_blocked, id=26516, stack(0x0000009bba900000,0x0000009bbaa00000) (1024K)]
  0x000002255be53900 JavaThread "C2 CompilerThread2"         daemon [_thread_in_native, id=12396, stack(0x0000009bbaa00000,0x0000009bbab00000) (1024K)]
  0x000002256041ad90 JavaThread "Worker-3"                          [_thread_blocked, id=24024, stack(0x0000009bbad00000,0x0000009bbae00000) (1024K)]
  0x000002256041b420 JavaThread "Worker-4"                          [_thread_blocked, id=16096, stack(0x0000009bbae00000,0x0000009bbaf00000) (1024K)]
  0x000002256041a700 JavaThread "Thread-1"                   daemon [_thread_in_native, id=21500, stack(0x0000009bbaf00000,0x0000009bbb000000) (1024K)]
  0x000002256041bab0 JavaThread "Thread-2"                   daemon [_thread_in_native, id=21856, stack(0x0000009bbb000000,0x0000009bbb100000) (1024K)]
  0x00000225625376c0 JavaThread "Thread-3"                   daemon [_thread_in_native, id=22984, stack(0x0000009bbb100000,0x0000009bbb200000) (1024K)]
  0x0000022562537d50 JavaThread "Thread-4"                   daemon [_thread_in_native, id=6924, stack(0x0000009bbb200000,0x0000009bbb300000) (1024K)]
  0x0000022562535c80 JavaThread "Thread-5"                   daemon [_thread_in_native, id=26324, stack(0x0000009bbb300000,0x0000009bbb400000) (1024K)]
  0x0000022562537030 JavaThread "Thread-6"                   daemon [_thread_in_native, id=4388, stack(0x0000009bbb400000,0x0000009bbb500000) (1024K)]
  0x00000225625383e0 JavaThread "Thread-7"                   daemon [_thread_in_native, id=26004, stack(0x0000009bbb500000,0x0000009bbb600000) (1024K)]
  0x0000022562538a70 JavaThread "Thread-8"                   daemon [_thread_in_native, id=400, stack(0x0000009bbb600000,0x0000009bbb700000) (1024K)]
  0x0000022562539100 JavaThread "Thread-9"                   daemon [_thread_in_native, id=2700, stack(0x0000009bbb700000,0x0000009bbb800000) (1024K)]
  0x0000022562536310 JavaThread "Thread-10"                  daemon [_thread_in_native, id=13820, stack(0x0000009bbb800000,0x0000009bbb900000) (1024K)]
  0x00000225625369a0 JavaThread "Thread-11"                  daemon [_thread_in_native, id=6440, stack(0x0000009bbb900000,0x0000009bbba00000) (1024K)]
  0x0000022561a3ea40 JavaThread "Thread-12"                  daemon [_thread_in_native, id=22776, stack(0x0000009bbba00000,0x0000009bbbb00000) (1024K)]
  0x0000022561a41ec0 JavaThread "Thread-13"                  daemon [_thread_in_native, id=15452, stack(0x0000009bbbb00000,0x0000009bbbc00000) (1024K)]
  0x0000022561a42550 JavaThread "pool-2-thread-1"                   [_thread_blocked, id=20968, stack(0x0000009bbbc00000,0x0000009bbbd00000) (1024K)]
  0x0000022561a40b10 JavaThread "PatternSearchJob-worker-1"  daemon [_thread_blocked, id=23476, stack(0x0000009bbbd00000,0x0000009bbbe00000) (1024K)]
  0x0000022561a411a0 JavaThread "PatternSearchJob-worker-2"  daemon [_thread_blocked, id=7212, stack(0x0000009bbbe00000,0x0000009bbbf00000) (1024K)]
  0x0000022561a3fdf0 JavaThread "PatternSearchJob-worker-3"  daemon [_thread_blocked, id=26564, stack(0x0000009bbbf00000,0x0000009bbc000000) (1024K)]
  0x0000022561a3f0d0 JavaThread "WorkspaceEventsHandler"            [_thread_blocked, id=25836, stack(0x0000009bbc000000,0x0000009bbc100000) (1024K)]
  0x0000022561a40480 JavaThread "pool-1-thread-1"                   [_thread_blocked, id=25956, stack(0x0000009bbc100000,0x0000009bbc200000) (1024K)]
Total: 46

Other Threads:
  0x000002257fea08d0 VMThread "VM Thread"                           [id=21548, stack(0x0000009bb8900000,0x0000009bb8a00000) (1024K)]
  0x00000225181dca00 WatcherThread "VM Periodic Task Thread"        [id=9096, stack(0x0000009bb8800000,0x0000009bb8900000) (1024K)]
  0x000002257fe1c560 WorkerThread "GC Thread#0"                     [id=5772, stack(0x0000009bb8700000,0x0000009bb8800000) (1024K)]
  0x000002255bf38720 WorkerThread "GC Thread#1"                     [id=11088, stack(0x0000009bb9600000,0x0000009bb9700000) (1024K)]
  0x000002255bf38ad0 WorkerThread "GC Thread#2"                     [id=12544, stack(0x0000009bb9700000,0x0000009bb9800000) (1024K)]
  0x000002255b9111b0 WorkerThread "GC Thread#3"                     [id=8604, stack(0x0000009bb9800000,0x0000009bb9900000) (1024K)]
  0x000002255b911560 WorkerThread "GC Thread#4"                     [id=22908, stack(0x0000009bb9900000,0x0000009bb9a00000) (1024K)]
  0x000002255b911910 WorkerThread "GC Thread#5"                     [id=24728, stack(0x0000009bb9a00000,0x0000009bb9b00000) (1024K)]
  0x000002255b911cc0 WorkerThread "GC Thread#6"                     [id=24840, stack(0x0000009bb9b00000,0x0000009bb9c00000) (1024K)]
  0x00000225601f9600 WorkerThread "GC Thread#7"                     [id=4788, stack(0x0000009bb9d00000,0x0000009bb9e00000) (1024K)]
  0x0000022560a50790 WorkerThread "GC Thread#8"                     [id=392, stack(0x0000009bba100000,0x0000009bba200000) (1024K)]
  0x0000022560a47030 WorkerThread "GC Thread#9"                     [id=20936, stack(0x0000009bba200000,0x0000009bba300000) (1024K)]
Total: 12

Threads with active compile tasks:
C2 CompilerThread0  7710 4469   !   4       org.eclipse.osgi.internal.loader.classpath.ClasspathManager::findClassImpl (328 bytes)
C2 CompilerThread1  7710 4549       4       com.google.gson.internal.LinkedTreeMap::find (284 bytes)
C2 CompilerThread2  7711 4410       4       org.eclipse.osgi.internal.loader.BundleLoader::addExportedProvidersFor (167 bytes)
Total: 3

VM state: not at safepoint (normal execution)

VM Mutex/Monitor currently owned by a thread: None

Heap address: 0x0000000080000000, size: 2048 MB, Compressed Oops mode: 32-bit

CDS archive(s) mapped at: [0x0000022519000000-0x0000022519ba0000-0x0000022519ba0000), size 12189696, SharedBaseAddress: 0x0000022519000000, ArchiveRelocationMode: 1.
Compressed class space mapped at: 0x000002251a000000-0x000002255a000000, reserved size: 1073741824
Narrow klass base: 0x0000022519000000, Narrow klass shift: 0, Narrow klass range: 0x100000000

GC Precious Log:
 CardTable entry size: 512
 CPUs: 12 total, 12 available
 Memory: 15710M
 Large Page Support: Disabled
 NUMA Support: Disabled
 Compressed Oops: Enabled (32-bit)
 Alignments: Space 512K, Generation 512K, Heap 2M
 Heap Min Capacity: 100M
 Heap Initial Capacity: 100M
 Heap Max Capacity: 2G
 Pre-touch: Disabled
 Parallel Workers: 10

Heap:
 PSYoungGen      total 22016K, used 11697K [0x00000000d5580000, 0x00000000d6f00000, 0x0000000100000000)
  eden space 20992K, 52% used [0x00000000d5580000,0x00000000d6044580,0x00000000d6a00000)
  from space 1024K, 65% used [0x00000000d6a00000,0x00000000d6aa8000,0x00000000d6b00000)
  to   space 2048K, 0% used [0x00000000d6d00000,0x00000000d6d00000,0x00000000d6f00000)
 ParOldGen       total 68608K, used 22438K [0x0000000080000000, 0x0000000084300000, 0x00000000d5580000)
  object space 68608K, 32% used [0x0000000080000000,0x00000000815e98e0,0x0000000084300000)
 Metaspace       used 39154K, committed 40448K, reserved 1114112K
  class space    used 4175K, committed 4736K, reserved 1048576K

Card table byte_map: [0x0000022513640000,0x0000022513a50000] _byte_map_base: 0x0000022513240000

Marking Bits: (ParMarkBitMap*) 0x00007ffa23e74460
 Begin Bits: [0x0000022513d00000, 0x0000022515d00000)
 End Bits:   [0x0000022515d00000, 0x0000022517d00000)

Polling page: 0x000002257f850000

Metaspace:

Usage:
  Non-class:     34.16 MB used.
      Class:      4.08 MB used.
       Both:     38.24 MB used.

Virtual space:
  Non-class space:       64.00 MB reserved,      34.88 MB ( 54%) committed,  1 nodes.
      Class space:        1.00 GB reserved,       4.62 MB ( <1%) committed,  1 nodes.
             Both:        1.06 GB reserved,      39.50 MB (  4%) committed. 

Chunk freelists:
   Non-Class:  12.80 MB
       Class:  11.39 MB
        Both:  24.19 MB

MaxMetaspaceSize: unlimited
CompressedClassSpaceSize: 1.00 GB
Initial GC threshold: 21.00 MB
Current GC threshold: 58.38 MB
CDS: on
 - commit_granule_bytes: 65536.
 - commit_granule_words: 8192.
 - virtual_space_node_default_size: 8388608.
 - enlarge_chunks_in_place: 1.
 - use_allocation_guard: 0.


Internal statistics:

num_allocs_failed_limit: 6.
num_arena_births: 888.
num_arena_deaths: 14.
num_vsnodes_births: 2.
num_vsnodes_deaths: 0.
num_space_committed: 632.
num_space_uncommitted: 0.
num_chunks_returned_to_freelist: 20.
num_chunks_taken_from_freelist: 2656.
num_chunk_merges: 12.
num_chunk_splits: 1637.
num_chunks_enlarged: 901.
num_inconsistent_stats: 0.

CodeHeap 'non-profiled nmethods': size=120000Kb used=1871Kb max_used=2146Kb free=118128Kb
 bounds [0x000002250c020000, 0x000002250c290000, 0x0000022513550000]
CodeHeap 'profiled nmethods': size=120000Kb used=8762Kb max_used=9490Kb free=111237Kb
 bounds [0x0000022504550000, 0x0000022504ea0000, 0x000002250ba80000]
CodeHeap 'non-nmethods': size=5760Kb used=1357Kb max_used=1401Kb free=4402Kb
 bounds [0x000002250ba80000, 0x000002250bcf0000, 0x000002250c020000]
CodeCache: size=245760Kb, used=11990Kb, max_used=13037Kb, free=233767Kb
 total_blobs=5079, nmethods=4424, adapters=560, full_count=0
Compilation: enabled, stopped_count=0, restarted_count=0

Compilation events (20 events):
Event: 7.621 Thread 0x000002257feb1c60 5019       2       com.google.inject.internal.AbstractBindingBuilder::<init> (56 bytes)
Event: 7.621 Thread 0x000002257feb1c60 nmethod 5019 0x00000225046bae10 code [0x00000225046bafc0, 0x00000225046bb268]
Event: 7.626 Thread 0x000002257feb1c60 5021       2       org.objectweb.asm.ClassReader::readClass (7 bytes)
Event: 7.626 Thread 0x000002257feb1c60 nmethod 5021 0x0000022504a04390 code [0x0000022504a04560, 0x0000022504a04768]
Event: 7.627 Thread 0x000002257feb1c60 5022       2       org.objectweb.asm.ClassReader::readStringish (16 bytes)
Event: 7.627 Thread 0x000002257feb1c60 nmethod 5022 0x0000022504a03e90 code [0x0000022504a04060, 0x0000022504a04250]
Event: 7.632 Thread 0x000002257feb1c60 5024       2       java.nio.ByteBuffer::wrap (8 bytes)
Event: 7.632 Thread 0x000002257feb1c60 nmethod 5024 0x00000225046ba990 code [0x00000225046bab40, 0x00000225046bac50]
Event: 7.642 Thread 0x000002257feb1c60 5025       2       jdk.internal.misc.PreviewFeatures::isEnabled (4 bytes)
Event: 7.642 Thread 0x000002257feb1c60 nmethod 5025 0x0000022504560f90 code [0x0000022504561120, 0x0000022504561208]
Event: 7.643 Thread 0x000002257feb1c60 5026       2       com.google.inject.Key::get (12 bytes)
Event: 7.643 Thread 0x000002257feb1c60 nmethod 5026 0x0000022504a03890 code [0x0000022504a03a60, 0x0000022504a03d08]
Event: 7.645 Thread 0x000002257feb1c60 5027       2       java.lang.Class::isUnnamedClass (36 bytes)
Event: 7.645 Thread 0x000002257feb1c60 nmethod 5027 0x0000022504785b90 code [0x0000022504785d20, 0x0000022504785e28]
Event: 7.646 Thread 0x000002257feb1c60 5028       2       sun.reflect.annotation.AnnotationParser$1::run (40 bytes)
Event: 7.646 Thread 0x000002257feb1c60 nmethod 5028 0x0000022504a03190 code [0x0000022504a03360, 0x0000022504a036e0]
Event: 7.650 Thread 0x000002257feb1c60 5029       2       java.util.concurrent.atomic.AtomicReferenceArray::length (6 bytes)
Event: 7.650 Thread 0x000002257feb1c60 nmethod 5029 0x0000022504a02c90 code [0x0000022504a02e20, 0x0000022504a02f30]
Event: 7.662 Thread 0x000002257feb1c60 5030       3       com.google.common.base.Preconditions::checkNotNull (18 bytes)
Event: 7.662 Thread 0x000002257feb1c60 nmethod 5030 0x0000022504aa7a10 code [0x0000022504aa7be0, 0x0000022504aa7df8]

GC Heap History (20 events):
Event: 5.381 GC heap before
{Heap before GC invocations=8 (full 1):
 PSYoungGen      total 29184K, used 4108K [0x00000000d5580000, 0x00000000d7780000, 0x0000000100000000)
  eden space 24576K, 0% used [0x00000000d5580000,0x00000000d5580000,0x00000000d6d80000)
  from space 4608K, 89% used [0x00000000d6e80000,0x00000000d72830d0,0x00000000d7300000)
  to   space 4608K, 0% used [0x00000000d7300000,0x00000000d7300000,0x00000000d7780000)
 ParOldGen       total 68608K, used 9648K [0x0000000080000000, 0x0000000084300000, 0x00000000d5580000)
  object space 68608K, 14% used [0x0000000080000000,0x000000008096c378,0x0000000084300000)
 Metaspace       used 20591K, committed 21504K, reserved 1114112K
  class space    used 2217K, committed 2624K, reserved 1048576K
}
Event: 5.414 GC heap after
{Heap after GC invocations=8 (full 1):
 PSYoungGen      total 29184K, used 0K [0x00000000d5580000, 0x00000000d7780000, 0x0000000100000000)
  eden space 24576K, 0% used [0x00000000d5580000,0x00000000d5580000,0x00000000d6d80000)
  from space 4608K, 0% used [0x00000000d6e80000,0x00000000d6e80000,0x00000000d7300000)
  to   space 4608K, 0% used [0x00000000d7300000,0x00000000d7300000,0x00000000d7780000)
 ParOldGen       total 68608K, used 13171K [0x0000000080000000, 0x0000000084300000, 0x00000000d5580000)
  object space 68608K, 19% used [0x0000000080000000,0x0000000080cdcc08,0x0000000084300000)
 Metaspace       used 20578K, committed 21504K, reserved 1114112K
  class space    used 2213K, committed 2624K, reserved 1048576K
}
Event: 5.728 GC heap before
{Heap before GC invocations=9 (full 1):
 PSYoungGen      total 29184K, used 24576K [0x00000000d5580000, 0x00000000d7780000, 0x0000000100000000)
  eden space 24576K, 100% used [0x00000000d5580000,0x00000000d6d80000,0x00000000d6d80000)
  from space 4608K, 0% used [0x00000000d6e80000,0x00000000d6e80000,0x00000000d7300000)
  to   space 4608K, 0% used [0x00000000d7300000,0x00000000d7300000,0x00000000d7780000)
 ParOldGen       total 68608K, used 13171K [0x0000000080000000, 0x0000000084300000, 0x00000000d5580000)
  object space 68608K, 19% used [0x0000000080000000,0x0000000080cdcc08,0x0000000084300000)
 Metaspace       used 22483K, committed 23488K, reserved 1114112K
  class space    used 2379K, committed 2816K, reserved 1048576K
}
Event: 5.730 GC heap after
{Heap after GC invocations=9 (full 1):
 PSYoungGen      total 25600K, used 1405K [0x00000000d5580000, 0x00000000d7480000, 0x0000000100000000)
  eden space 24064K, 0% used [0x00000000d5580000,0x00000000d5580000,0x00000000d6d00000)
  from space 1536K, 91% used [0x00000000d7300000,0x00000000d745f5c8,0x00000000d7480000)
  to   space 2560K, 0% used [0x00000000d6f80000,0x00000000d6f80000,0x00000000d7200000)
 ParOldGen       total 68608K, used 13179K [0x0000000080000000, 0x0000000084300000, 0x00000000d5580000)
  object space 68608K, 19% used [0x0000000080000000,0x0000000080cdec08,0x0000000084300000)
 Metaspace       used 22483K, committed 23488K, reserved 1114112K
  class space    used 2379K, committed 2816K, reserved 1048576K
}
Event: 5.971 GC heap before
{Heap before GC invocations=10 (full 1):
 PSYoungGen      total 25600K, used 25469K [0x00000000d5580000, 0x00000000d7480000, 0x0000000100000000)
  eden space 24064K, 100% used [0x00000000d5580000,0x00000000d6d00000,0x00000000d6d00000)
  from space 1536K, 91% used [0x00000000d7300000,0x00000000d745f5c8,0x00000000d7480000)
  to   space 2560K, 0% used [0x00000000d6f80000,0x00000000d6f80000,0x00000000d7200000)
 ParOldGen       total 68608K, used 13179K [0x0000000080000000, 0x0000000084300000, 0x00000000d5580000)
  object space 68608K, 19% used [0x0000000080000000,0x0000000080cdec08,0x0000000084300000)
 Metaspace       used 26350K, committed 27392K, reserved 1114112K
  class space    used 2665K, committed 3136K, reserved 1048576K
}
Event: 5.972 GC heap after
{Heap after GC invocations=10 (full 1):
 PSYoungGen      total 26112K, used 1112K [0x00000000d5580000, 0x00000000d7380000, 0x0000000100000000)
  eden space 23552K, 0% used [0x00000000d5580000,0x00000000d5580000,0x00000000d6c80000)
  from space 2560K, 43% used [0x00000000d6f80000,0x00000000d7096338,0x00000000d7200000)
  to   space 1536K, 0% used [0x00000000d7200000,0x00000000d7200000,0x00000000d7380000)
 ParOldGen       total 68608K, used 13179K [0x0000000080000000, 0x0000000084300000, 0x00000000d5580000)
  object space 68608K, 19% used [0x0000000080000000,0x0000000080cdec08,0x0000000084300000)
 Metaspace       used 26350K, committed 27392K, reserved 1114112K
  class space    used 2665K, committed 3136K, reserved 1048576K
}
Event: 6.193 GC heap before
{Heap before GC invocations=11 (full 1):
 PSYoungGen      total 26112K, used 24664K [0x00000000d5580000, 0x00000000d7380000, 0x0000000100000000)
  eden space 23552K, 100% used [0x00000000d5580000,0x00000000d6c80000,0x00000000d6c80000)
  from space 2560K, 43% used [0x00000000d6f80000,0x00000000d7096338,0x00000000d7200000)
  to   space 1536K, 0% used [0x00000000d7200000,0x00000000d7200000,0x00000000d7380000)
 ParOldGen       total 68608K, used 13179K [0x0000000080000000, 0x0000000084300000, 0x00000000d5580000)
  object space 68608K, 19% used [0x0000000080000000,0x0000000080cdec08,0x0000000084300000)
 Metaspace       used 28106K, committed 29120K, reserved 1114112K
  class space    used 2799K, committed 3200K, reserved 1048576K
}
Event: 6.194 GC heap after
{Heap after GC invocations=11 (full 1):
 PSYoungGen      total 24576K, used 1531K [0x00000000d5580000, 0x00000000d7380000, 0x0000000100000000)
  eden space 23040K, 0% used [0x00000000d5580000,0x00000000d5580000,0x00000000d6c00000)
  from space 1536K, 99% used [0x00000000d7200000,0x00000000d737eda0,0x00000000d7380000)
  to   space 3584K, 0% used [0x00000000d6c80000,0x00000000d6c80000,0x00000000d7000000)
 ParOldGen       total 68608K, used 14764K [0x0000000080000000, 0x0000000084300000, 0x00000000d5580000)
  object space 68608K, 21% used [0x0000000080000000,0x0000000080e6b338,0x0000000084300000)
 Metaspace       used 28106K, committed 29120K, reserved 1114112K
  class space    used 2799K, committed 3200K, reserved 1048576K
}
Event: 6.588 GC heap before
{Heap before GC invocations=12 (full 1):
 PSYoungGen      total 24576K, used 24570K [0x00000000d5580000, 0x00000000d7380000, 0x0000000100000000)
  eden space 23040K, 99% used [0x00000000d5580000,0x00000000d6bffd38,0x00000000d6c00000)
  from space 1536K, 99% used [0x00000000d7200000,0x00000000d737eda0,0x00000000d7380000)
  to   space 3584K, 0% used [0x00000000d6c80000,0x00000000d6c80000,0x00000000d7000000)
 ParOldGen       total 68608K, used 14764K [0x0000000080000000, 0x0000000084300000, 0x00000000d5580000)
  object space 68608K, 21% used [0x0000000080000000,0x0000000080e6b338,0x0000000084300000)
 Metaspace       used 31473K, committed 32704K, reserved 1114112K
  class space    used 3152K, committed 3712K, reserved 1048576K
}
Event: 6.590 GC heap after
{Heap after GC invocations=12 (full 1):
 PSYoungGen      total 25600K, used 2742K [0x00000000d5580000, 0x00000000d7280000, 0x0000000100000000)
  eden space 22528K, 0% used [0x00000000d5580000,0x00000000d5580000,0x00000000d6b80000)
  from space 3072K, 89% used [0x00000000d6c80000,0x00000000d6f2d888,0x00000000d6f80000)
  to   space 3072K, 0% used [0x00000000d6f80000,0x00000000d6f80000,0x00000000d7280000)
 ParOldGen       total 68608K, used 16242K [0x0000000080000000, 0x0000000084300000, 0x00000000d5580000)
  object space 68608K, 23% used [0x0000000080000000,0x0000000080fdc9d0,0x0000000084300000)
 Metaspace       used 31473K, committed 32704K, reserved 1114112K
  class space    used 3152K, committed 3712K, reserved 1048576K
}
Event: 6.766 GC heap before
{Heap before GC invocations=13 (full 1):
 PSYoungGen      total 25600K, used 25270K [0x00000000d5580000, 0x00000000d7280000, 0x0000000100000000)
  eden space 22528K, 100% used [0x00000000d5580000,0x00000000d6b80000,0x00000000d6b80000)
  from space 3072K, 89% used [0x00000000d6c80000,0x00000000d6f2d888,0x00000000d6f80000)
  to   space 3072K, 0% used [0x00000000d6f80000,0x00000000d6f80000,0x00000000d7280000)
 ParOldGen       total 68608K, used 16242K [0x0000000080000000, 0x0000000084300000, 0x00000000d5580000)
  object space 68608K, 23% used [0x0000000080000000,0x0000000080fdc9d0,0x0000000084300000)
 Metaspace       used 34156K, committed 35392K, reserved 1114112K
  class space    used 3509K, committed 4096K, reserved 1048576K
}
Event: 6.769 GC heap after
{Heap after GC invocations=13 (full 1):
 PSYoungGen      total 24576K, used 2256K [0x00000000d5580000, 0x00000000d7200000, 0x0000000100000000)
  eden space 22016K, 0% used [0x00000000d5580000,0x00000000d5580000,0x00000000d6b00000)
  from space 2560K, 88% used [0x00000000d6f80000,0x00000000d71b4010,0x00000000d7200000)
  to   space 2560K, 0% used [0x00000000d6d00000,0x00000000d6d00000,0x00000000d6f80000)
 ParOldGen       total 68608K, used 18329K [0x0000000080000000, 0x0000000084300000, 0x00000000d5580000)
  object space 68608K, 26% used [0x0000000080000000,0x00000000811e6488,0x0000000084300000)
 Metaspace       used 34156K, committed 35392K, reserved 1114112K
  class space    used 3509K, committed 4096K, reserved 1048576K
}
Event: 6.822 GC heap before
{Heap before GC invocations=14 (full 1):
 PSYoungGen      total 24576K, used 6102K [0x00000000d5580000, 0x00000000d7200000, 0x0000000100000000)
  eden space 22016K, 17% used [0x00000000d5580000,0x00000000d5941840,0x00000000d6b00000)
  from space 2560K, 88% used [0x00000000d6f80000,0x00000000d71b4010,0x00000000d7200000)
  to   space 2560K, 0% used [0x00000000d6d00000,0x00000000d6d00000,0x00000000d6f80000)
 ParOldGen       total 68608K, used 18329K [0x0000000080000000, 0x0000000084300000, 0x00000000d5580000)
  object space 68608K, 26% used [0x0000000080000000,0x00000000811e6488,0x0000000084300000)
 Metaspace       used 34620K, committed 35840K, reserved 1114112K
  class space    used 3569K, committed 4160K, reserved 1048576K
}
Event: 6.824 GC heap after
{Heap after GC invocations=14 (full 1):
 PSYoungGen      total 22528K, used 384K [0x00000000d5580000, 0x00000000d7000000, 0x0000000100000000)
  eden space 22016K, 0% used [0x00000000d5580000,0x00000000d5580000,0x00000000d6b00000)
  from space 512K, 75% used [0x00000000d6d00000,0x00000000d6d60000,0x00000000d6d80000)
  to   space 1536K, 0% used [0x00000000d6e80000,0x00000000d6e80000,0x00000000d7000000)
 ParOldGen       total 68608K, used 20289K [0x0000000080000000, 0x0000000084300000, 0x00000000d5580000)
  object space 68608K, 29% used [0x0000000080000000,0x00000000813d04a8,0x0000000084300000)
 Metaspace       used 34620K, committed 35840K, reserved 1114112K
  class space    used 3569K, committed 4160K, reserved 1048576K
}
Event: 6.824 GC heap before
{Heap before GC invocations=15 (full 2):
 PSYoungGen      total 22528K, used 384K [0x00000000d5580000, 0x00000000d7000000, 0x0000000100000000)
  eden space 22016K, 0% used [0x00000000d5580000,0x00000000d5580000,0x00000000d6b00000)
  from space 512K, 75% used [0x00000000d6d00000,0x00000000d6d60000,0x00000000d6d80000)
  to   space 1536K, 0% used [0x00000000d6e80000,0x00000000d6e80000,0x00000000d7000000)
 ParOldGen       total 68608K, used 20289K [0x0000000080000000, 0x0000000084300000, 0x00000000d5580000)
  object space 68608K, 29% used [0x0000000080000000,0x00000000813d04a8,0x0000000084300000)
 Metaspace       used 34620K, committed 35840K, reserved 1114112K
  class space    used 3569K, committed 4160K, reserved 1048576K
}
Event: 6.855 GC heap after
{Heap after GC invocations=15 (full 2):
 PSYoungGen      total 22528K, used 0K [0x00000000d5580000, 0x00000000d7000000, 0x0000000100000000)
  eden space 22016K, 0% used [0x00000000d5580000,0x00000000d5580000,0x00000000d6b00000)
  from space 512K, 0% used [0x00000000d6d00000,0x00000000d6d00000,0x00000000d6d80000)
  to   space 1536K, 0% used [0x00000000d6e80000,0x00000000d6e80000,0x00000000d7000000)
 ParOldGen       total 68608K, used 19620K [0x0000000080000000, 0x0000000084300000, 0x00000000d5580000)
  object space 68608K, 28% used [0x0000000080000000,0x00000000813290b0,0x0000000084300000)
 Metaspace       used 34620K, committed 35840K, reserved 1114112K
  class space    used 3569K, committed 4160K, reserved 1048576K
}
Event: 7.230 GC heap before
{Heap before GC invocations=16 (full 2):
 PSYoungGen      total 22528K, used 22006K [0x00000000d5580000, 0x00000000d7000000, 0x0000000100000000)
  eden space 22016K, 99% used [0x00000000d5580000,0x00000000d6afd828,0x00000000d6b00000)
  from space 512K, 0% used [0x00000000d6d00000,0x00000000d6d00000,0x00000000d6d80000)
  to   space 1536K, 0% used [0x00000000d6e80000,0x00000000d6e80000,0x00000000d7000000)
 ParOldGen       total 68608K, used 19620K [0x0000000080000000, 0x0000000084300000, 0x00000000d5580000)
  object space 68608K, 28% used [0x0000000080000000,0x00000000813290b0,0x0000000084300000)
 Metaspace       used 36983K, committed 38272K, reserved 1114112K
  class space    used 3885K, committed 4480K, reserved 1048576K
}
Event: 7.232 GC heap after
{Heap after GC invocations=16 (full 2):
 PSYoungGen      total 22528K, used 1509K [0x00000000d5580000, 0x00000000d7400000, 0x0000000100000000)
  eden space 20992K, 0% used [0x00000000d5580000,0x00000000d5580000,0x00000000d6a00000)
  from space 1536K, 98% used [0x00000000d6e80000,0x00000000d6ff9480,0x00000000d7000000)
  to   space 4608K, 0% used [0x00000000d6a00000,0x00000000d6a00000,0x00000000d6e80000)
 ParOldGen       total 68608K, used 21660K [0x0000000080000000, 0x0000000084300000, 0x00000000d5580000)
  object space 68608K, 31% used [0x0000000080000000,0x00000000815270b0,0x0000000084300000)
 Metaspace       used 36983K, committed 38272K, reserved 1114112K
  class space    used 3885K, committed 4480K, reserved 1048576K
}
Event: 7.552 GC heap before
{Heap before GC invocations=17 (full 2):
 PSYoungGen      total 22528K, used 22501K [0x00000000d5580000, 0x00000000d7400000, 0x0000000100000000)
  eden space 20992K, 100% used [0x00000000d5580000,0x00000000d6a00000,0x00000000d6a00000)
  from space 1536K, 98% used [0x00000000d6e80000,0x00000000d6ff9480,0x00000000d7000000)
  to   space 4608K, 0% used [0x00000000d6a00000,0x00000000d6a00000,0x00000000d6e80000)
 ParOldGen       total 68608K, used 21660K [0x0000000080000000, 0x0000000084300000, 0x00000000d5580000)
  object space 68608K, 31% used [0x0000000080000000,0x00000000815270b0,0x0000000084300000)
 Metaspace       used 38400K, committed 39680K, reserved 1114112K
  class space    used 4077K, committed 4672K, reserved 1048576K
}
Event: 7.555 GC heap after
{Heap after GC invocations=17 (full 2):
 PSYoungGen      total 22016K, used 672K [0x00000000d5580000, 0x00000000d6f00000, 0x0000000100000000)
  eden space 20992K, 0% used [0x00000000d5580000,0x00000000d5580000,0x00000000d6a00000)
  from space 1024K, 65% used [0x00000000d6a00000,0x00000000d6aa8000,0x00000000d6b00000)
  to   space 2048K, 0% used [0x00000000d6d00000,0x00000000d6d00000,0x00000000d6f00000)
 ParOldGen       total 68608K, used 22438K [0x0000000080000000, 0x0000000084300000, 0x00000000d5580000)
  object space 68608K, 32% used [0x0000000080000000,0x00000000815e98e0,0x0000000084300000)
 Metaspace       used 38400K, committed 39680K, reserved 1114112K
  class space    used 4077K, committed 4672K, reserved 1048576K
}

Dll operation events (10 events):
Event: 0.013 Loaded shared library c:\Users\hk249\.vscode\extensions\redhat.java-1.55.0-win32-x64\jre\21.0.11-win32-x86_64\bin\java.dll
Event: 0.098 Loaded shared library c:\Users\hk249\.vscode\extensions\redhat.java-1.55.0-win32-x64\jre\21.0.11-win32-x86_64\bin\zip.dll
Event: 0.131 Loaded shared library C:\Users\hk249\.vscode\extensions\redhat.java-1.55.0-win32-x64\jre\21.0.11-win32-x86_64\bin\instrument.dll
Event: 0.147 Loaded shared library C:\Users\hk249\.vscode\extensions\redhat.java-1.55.0-win32-x64\jre\21.0.11-win32-x86_64\bin\net.dll
Event: 0.150 Loaded shared library C:\Users\hk249\.vscode\extensions\redhat.java-1.55.0-win32-x64\jre\21.0.11-win32-x86_64\bin\nio.dll
Event: 0.155 Loaded shared library C:\Users\hk249\.vscode\extensions\redhat.java-1.55.0-win32-x64\jre\21.0.11-win32-x86_64\bin\zip.dll
Event: 0.182 Loaded shared library C:\Users\hk249\.vscode\extensions\redhat.java-1.55.0-win32-x64\jre\21.0.11-win32-x86_64\bin\jimage.dll
Event: 0.307 Loaded shared library c:\Users\hk249\.vscode\extensions\redhat.java-1.55.0-win32-x64\jre\21.0.11-win32-x86_64\bin\verify.dll
Event: 1.706 Loaded shared library C:\Users\hk249\AppData\Roaming\Code\User\globalStorage\redhat.java\1.55.0\config_win\org.eclipse.equinox.launcher\org.eclipse.equinox.launcher.win32.win32.x86_64_1.3.100.v20260613-0559\eclipse_11924.dll
Event: 4.840 Loaded shared library C:\Users\hk249\AppData\Local\Temp\jna-99283540\jna8679223702088829228.dll

Deoptimization events (20 events):
Event: 7.259 Thread 0x000002257fdfde00 DEOPT PACKING pc=0x000002250c05aec8 sp=0x0000009bb86fe5a0
Event: 7.259 Thread 0x000002257fdfde00 DEOPT UNPACKING pc=0x000002250bad3aa2 sp=0x0000009bb86fe538 mode 2
Event: 7.291 Thread 0x000002257fdfde00 Uncommon trap: trap_request=0xffffff45 fr.pc=0x000002250c1938c8 relative=0x0000000000000128
Event: 7.291 Thread 0x000002257fdfde00 Uncommon trap: reason=unstable_if action=reinterpret pc=0x000002250c1938c8 method=java.lang.StringConcatHelper.prepend(J[BLjava/lang/String;)J @ 13 c2
Event: 7.291 Thread 0x000002257fdfde00 DEOPT PACKING pc=0x000002250c1938c8 sp=0x0000009bb86fe880
Event: 7.292 Thread 0x000002257fdfde00 DEOPT UNPACKING pc=0x000002250bad3aa2 sp=0x0000009bb86fe830 mode 2
Event: 7.292 Thread 0x000002257fdfde00 Uncommon trap: trap_request=0xffffff45 fr.pc=0x000002250c1d2f60 relative=0x00000000000000c0
Event: 7.292 Thread 0x000002257fdfde00 Uncommon trap: reason=unstable_if action=reinterpret pc=0x000002250c1d2f60 method=java.lang.StringConcatHelper.newString([BJ)Ljava/lang/String; @ 3 c2
Event: 7.292 Thread 0x000002257fdfde00 DEOPT PACKING pc=0x000002250c1d2f60 sp=0x0000009bb86fea10
Event: 7.292 Thread 0x000002257fdfde00 DEOPT UNPACKING pc=0x000002250bad3aa2 sp=0x0000009bb86fe998 mode 2
Event: 7.333 Thread 0x000002256041ce60 Uncommon trap: trap_request=0xffffff45 fr.pc=0x000002250c15ced4 relative=0x0000000000000134
Event: 7.333 Thread 0x000002256041ce60 Uncommon trap: reason=unstable_if action=reinterpret pc=0x000002250c15ced4 method=java.util.ArrayList.indexOfRange(Ljava/lang/Object;II)I @ 7 c2
Event: 7.333 Thread 0x000002256041ce60 DEOPT PACKING pc=0x000002250c15ced4 sp=0x0000009bba7fe6b0
Event: 7.333 Thread 0x000002256041ce60 DEOPT UNPACKING pc=0x000002250bad3aa2 sp=0x0000009bba7fe570 mode 2
Event: 7.343 Thread 0x000002256041ce60 Uncommon trap: trap_request=0xffffff45 fr.pc=0x000002250c14fd30 relative=0x0000000000000110
Event: 7.343 Thread 0x000002256041ce60 Uncommon trap: reason=unstable_if action=reinterpret pc=0x000002250c14fd30 method=java.util.ArrayList.indexOfRange(Ljava/lang/Object;II)I @ 7 c2
Event: 7.343 Thread 0x000002256041ce60 DEOPT PACKING pc=0x000002250c14fd30 sp=0x0000009bba7fe5d0
Event: 7.343 Thread 0x000002256041ce60 DEOPT UNPACKING pc=0x000002250bad3aa2 sp=0x0000009bba7fe570 mode 2
Event: 7.566 Thread 0x000002256041ce60 DEOPT PACKING pc=0x00000225046061d3 sp=0x0000009bba7fe430
Event: 7.566 Thread 0x000002256041ce60 DEOPT UNPACKING pc=0x000002250bad4242 sp=0x0000009bba7fd8a0 mode 0

Classes loaded (20 events):
Event: 7.260 Loading class sun/util/locale/provider/CalendarNameProviderImpl done
Event: 7.260 Loading class sun/util/cldr/CLDRCalendarNameProviderImpl done
Event: 7.261 Loading class sun/util/locale/provider/CalendarNameProviderImpl$LengthBasedComparator
Event: 7.261 Loading class sun/util/locale/provider/CalendarNameProviderImpl$LengthBasedComparator done
Event: 7.264 Loading class sun/nio/ch/PendingFuture
Event: 7.264 Loading class sun/nio/ch/PendingFuture done
Event: 7.264 Loading class sun/nio/ch/WindowsAsynchronousFileChannelImpl$ReadTask
Event: 7.265 Loading class sun/nio/ch/Iocp$ResultHandler
Event: 7.265 Loading class sun/nio/ch/Iocp$ResultHandler done
Event: 7.265 Loading class sun/nio/ch/WindowsAsynchronousFileChannelImpl$ReadTask done
Event: 7.279 Loading class java/time/format/DateTimeParseContext
Event: 7.279 Loading class java/time/format/DateTimeParseContext done
Event: 7.279 Loading class java/time/format/Parsed
Event: 7.280 Loading class java/time/format/Parsed done
Event: 7.305 Loading class java/lang/annotation/IncompleteAnnotationException
Event: 7.305 Loading class java/lang/annotation/IncompleteAnnotationException done
Event: 7.310 Loading class sun/nio/ch/WindowsAsynchronousFileChannelImpl$WriteTask
Event: 7.310 Loading class sun/nio/ch/WindowsAsynchronousFileChannelImpl$WriteTask done
Event: 7.376 Loading class java/lang/foreign/MemorySegment
Event: 7.376 Loading class java/lang/foreign/MemorySegment done

Classes unloaded (7 events):
Event: 5.385 Thread 0x000002257fea08d0 Unloading class 0x000002251a1a8c00 'java/lang/invoke/LambdaForm$MH+0x000002251a1a8c00'
Event: 5.385 Thread 0x000002257fea08d0 Unloading class 0x000002251a1a8800 'java/lang/invoke/LambdaForm$MH+0x000002251a1a8800'
Event: 5.385 Thread 0x000002257fea08d0 Unloading class 0x000002251a1a8400 'java/lang/invoke/LambdaForm$MH+0x000002251a1a8400'
Event: 5.385 Thread 0x000002257fea08d0 Unloading class 0x000002251a1a8000 'java/lang/invoke/LambdaForm$MH+0x000002251a1a8000'
Event: 5.385 Thread 0x000002257fea08d0 Unloading class 0x000002251a1a7c00 'java/lang/invoke/LambdaForm$BMH+0x000002251a1a7c00'
Event: 5.385 Thread 0x000002257fea08d0 Unloading class 0x000002251a1a7800 'java/lang/invoke/LambdaForm$DMH+0x000002251a1a7800'
Event: 5.385 Thread 0x000002257fea08d0 Unloading class 0x000002251a1a6400 'java/lang/invoke/LambdaForm$DMH+0x000002251a1a6400'

Classes redefined (0 events):
No events

Internal exceptions (20 events):
Event: 6.928 Thread 0x000002256041d4f0 Exception <a 'sun/nio/fs/WindowsException'{0x00000000d596b658}> (0x00000000d596b658) 
thrown [s\src\hotspot\share\prims\jni.cpp, line 520]
Event: 6.929 Thread 0x000002256041d4f0 Exception <a 'sun/nio/fs/WindowsException'{0x00000000d596e410}> (0x00000000d596e410) 
thrown [s\src\hotspot\share\prims\jni.cpp, line 520]
Event: 6.929 Thread 0x000002256041d4f0 Exception <a 'sun/nio/fs/WindowsException'{0x00000000d596ea40}> (0x00000000d596ea40) 
thrown [s\src\hotspot\share\prims\jni.cpp, line 520]
Event: 6.930 Thread 0x000002256041d4f0 Exception <a 'sun/nio/fs/WindowsException'{0x00000000d5971d60}> (0x00000000d5971d60) 
thrown [s\src\hotspot\share\prims\jni.cpp, line 520]
Event: 6.930 Thread 0x000002256041d4f0 Exception <a 'sun/nio/fs/WindowsException'{0x00000000d5972390}> (0x00000000d5972390) 
thrown [s\src\hotspot\share\prims\jni.cpp, line 520]
Event: 6.931 Thread 0x000002256041d4f0 Exception <a 'sun/nio/fs/WindowsException'{0x00000000d5975870}> (0x00000000d5975870) 
thrown [s\src\hotspot\share\prims\jni.cpp, line 520]
Event: 6.931 Thread 0x000002256041d4f0 Exception <a 'sun/nio/fs/WindowsException'{0x00000000d5975ea0}> (0x00000000d5975ea0) 
thrown [s\src\hotspot\share\prims\jni.cpp, line 520]
Event: 6.966 Thread 0x000002256041d4f0 Exception <a 'sun/nio/fs/WindowsException'{0x00000000d5a91418}> (0x00000000d5a91418) 
thrown [s\src\hotspot\share\prims\jni.cpp, line 520]
Event: 6.966 Thread 0x000002256041d4f0 Exception <a 'sun/nio/fs/WindowsException'{0x00000000d5a91a48}> (0x00000000d5a91a48) 
thrown [s\src\hotspot\share\prims\jni.cpp, line 520]
Event: 7.102 Thread 0x000002256041d4f0 Exception <a 'sun/nio/fs/WindowsException'{0x00000000d6291310}> (0x00000000d6291310) 
thrown [s\src\hotspot\share\prims\jni.cpp, line 520]
Event: 7.128 Thread 0x000002256041d4f0 Exception <a 'java/io/FileNotFoundException'{0x00000000d63da610}> (0x00000000d63da610) 
thrown [s\src\hotspot\share\prims\jni.cpp, line 520]
Event: 7.129 Thread 0x000002256041d4f0 Exception <a 'java/io/FileNotFoundException'{0x00000000d641e430}> (0x00000000d641e430) 
thrown [s\src\hotspot\share\prims\jni.cpp, line 520]
Event: 7.133 Thread 0x000002256041d4f0 Exception <a 'java/lang/NoSuchMethodError'{0x00000000d643a7b8}: 'java.lang.Object java.lang.invoke.DirectMethodHandle$Holder.newInvokeSpecial(java.lang.Object, java.lang.Object, java.lang.Object, int)'> (0x00000000d643a7b8) 
thrown [s\src\hotspot\share\interpreter\linkResolver.cpp, line 773]
Event: 7.134 Thread 0x000002256041d4f0 Exception <a 'java/lang/NoSuchMethodError'{0x00000000d643e430}: 'java.lang.Object java.lang.invoke.DirectMethodHandle$Holder.invokeSpecial(java.lang.Object, java.lang.Object, java.lang.Object, java.lang.Object, int)'> (0x00000000d643e430) 
thrown [s\src\hotspot\share\interpreter\linkResolver.cpp, line 773]
Event: 7.134 Thread 0x000002256041d4f0 Exception <a 'java/lang/NoSuchMethodError'{0x00000000d64418d8}: 'java.lang.Object java.lang.invoke.Invokers$Holder.linkToTargetMethod(java.lang.Object, java.lang.Object, int, java.lang.Object)'> (0x00000000d64418d8) 
thrown [s\src\hotspot\share\interpreter\linkResolver.cpp, line 773]
Event: 7.137 Thread 0x000002256041d4f0 Exception <a 'java/lang/NoSuchMethodError'{0x00000000d6482fc8}: 'void java.lang.invoke.DirectMethodHandle$Holder.invokeStaticInit(java.lang.Object, java.lang.Object, java.lang.Object)'> (0x00000000d6482fc8) 
thrown [s\src\hotspot\share\interpreter\linkResolver.cpp, line 773]
Event: 7.208 Thread 0x000002257fdfde00 Exception <a 'java/lang/NoSuchMethodError'{0x00000000d69f1358}: 'void java.lang.invoke.DirectMethodHandle$Holder.invokeSpecial(java.lang.Object, java.lang.Object, java.lang.Object, java.lang.Object, java.lang.Object, java.lang.Object)'> (0x00000000d69f1358) 
thrown [s\src\hotspot\share\interpreter\linkResolver.cpp, line 773]
Event: 7.210 Thread 0x000002257fdfde00 Exception <a 'java/lang/IncompatibleClassChangeError'{0x00000000d6a21900}: Found class java.lang.Object, but interface was expected> (0x00000000d6a21900) 
thrown [s\src\hotspot\share\interpreter\linkResolver.cpp, line 840]
Event: 7.211 Thread 0x000002257fdfde00 Exception <a 'java/lang/IncompatibleClassChangeError'{0x00000000d6a22ab8}: Found class java.lang.Object, but interface was expected> (0x00000000d6a22ab8) 
thrown [s\src\hotspot\share\interpreter\linkResolver.cpp, line 840]
Event: 7.307 Thread 0x000002256041ce60 Exception <a 'java/lang/NoClassDefFoundError'{0x00000000d5bf1a40}: javax/enterprise/inject/Typed> (0x00000000d5bf1a40) 
thrown [s\src\hotspot\share\classfile\systemDictionary.cpp, line 302]

ZGC Phase Switch (0 events):
No events

VM Operations (20 events):
Event: 6.193 Executing safepoint VM operation: ParallelGCFailedAllocation (Allocation Failure)
Event: 6.194 Executing safepoint VM operation: ParallelGCFailedAllocation (Allocation Failure) done
Event: 6.256 Executing non-safepoint VM operation: HandshakeAllThreads (Deoptimize)
Event: 6.256 Executing non-safepoint VM operation: HandshakeAllThreads (Deoptimize) done
Event: 6.386 Executing non-safepoint VM operation: HandshakeAllThreads (Deoptimize)
Event: 6.386 Executing non-safepoint VM operation: HandshakeAllThreads (Deoptimize) done
Event: 6.588 Executing safepoint VM operation: ParallelGCFailedAllocation (Allocation Failure)
Event: 6.591 Executing safepoint VM operation: ParallelGCFailedAllocation (Allocation Failure) done
Event: 6.608 Executing non-safepoint VM operation: HandshakeAllThreads (Deoptimize)
Event: 6.613 Executing non-safepoint VM operation: HandshakeAllThreads (Deoptimize) done
Event: 6.766 Executing safepoint VM operation: ParallelGCFailedAllocation (Allocation Failure)
Event: 6.769 Executing safepoint VM operation: ParallelGCFailedAllocation (Allocation Failure) done
Event: 6.821 Executing safepoint VM operation: CollectForMetadataAllocation (Metadata GC Threshold)
Event: 6.855 Executing safepoint VM operation: CollectForMetadataAllocation (Metadata GC Threshold) done
Event: 7.214 Executing safepoint VM operation: ParallelGCFailedAllocation (Allocation Failure)
Event: 7.232 Executing safepoint VM operation: ParallelGCFailedAllocation (Allocation Failure) done
Event: 7.285 Executing non-safepoint VM operation: HandshakeAllThreads (Deoptimize)
Event: 7.285 Executing non-safepoint VM operation: HandshakeAllThreads (Deoptimize) done
Event: 7.552 Executing safepoint VM operation: ParallelGCFailedAllocation (Allocation Failure)
Event: 7.555 Executing safepoint VM operation: ParallelGCFailedAllocation (Allocation Failure) done

Memory protections (0 events):
No events

Nmethod flushes (20 events):
Event: 6.841 Thread 0x000002257fea08d0 flushing  nmethod 0x0000022504ba1490
Event: 6.841 Thread 0x000002257fea08d0 flushing  nmethod 0x0000022504ba1d90
Event: 6.841 Thread 0x000002257fea08d0 flushing  nmethod 0x0000022504ba2f90
Event: 6.841 Thread 0x000002257fea08d0 flushing  nmethod 0x0000022504ba3790
Event: 6.841 Thread 0x000002257fea08d0 flushing  nmethod 0x0000022504ba3f10
Event: 6.841 Thread 0x000002257fea08d0 flushing  nmethod 0x0000022504ba5490
Event: 6.841 Thread 0x000002257fea08d0 flushing  nmethod 0x0000022504ba5990
Event: 6.841 Thread 0x000002257fea08d0 flushing  nmethod 0x0000022504ba7990
Event: 6.841 Thread 0x000002257fea08d0 flushing  nmethod 0x0000022504ba8610
Event: 6.841 Thread 0x000002257fea08d0 flushing  nmethod 0x0000022504ba8b10
Event: 6.841 Thread 0x000002257fea08d0 flushing  nmethod 0x0000022504baa810
Event: 6.841 Thread 0x000002257fea08d0 flushing  nmethod 0x0000022504bc5410
Event: 6.841 Thread 0x000002257fea08d0 flushing  nmethod 0x0000022504bd3010
Event: 6.841 Thread 0x000002257fea08d0 flushing  nmethod 0x0000022504bded10
Event: 6.841 Thread 0x000002257fea08d0 flushing  nmethod 0x0000022504be0510
Event: 6.841 Thread 0x000002257fea08d0 flushing  nmethod 0x0000022504be2510
Event: 6.841 Thread 0x000002257fea08d0 flushing  nmethod 0x0000022504c37c90
Event: 6.841 Thread 0x000002257fea08d0 flushing  nmethod 0x0000022504c81b90
Event: 6.841 Thread 0x000002257fea08d0 flushing  nmethod 0x0000022504c82010
Event: 6.841 Thread 0x000002257fea08d0 flushing  nmethod 0x0000022504c86290

Events (20 events):
Event: 6.604 Thread 0x000002256041ad90 Thread added: 0x000002256041b420
Event: 6.658 Thread 0x000002257fdfde00 Thread added: 0x000002256041a700
Event: 6.658 Thread 0x000002257fdfde00 Thread added: 0x000002256041bab0
Event: 6.658 Thread 0x000002257fdfde00 Thread added: 0x00000225625376c0
Event: 6.659 Thread 0x000002257fdfde00 Thread added: 0x0000022562537d50
Event: 6.659 Thread 0x000002257fdfde00 Thread added: 0x0000022562535c80
Event: 6.659 Thread 0x000002257fdfde00 Thread added: 0x0000022562537030
Event: 6.659 Thread 0x000002257fdfde00 Thread added: 0x00000225625383e0
Event: 6.659 Thread 0x000002257fdfde00 Thread added: 0x0000022562538a70
Event: 6.659 Thread 0x000002257fdfde00 Thread added: 0x0000022562539100
Event: 6.660 Thread 0x000002257fdfde00 Thread added: 0x0000022562536310
Event: 6.660 Thread 0x000002257fdfde00 Thread added: 0x00000225625369a0
Event: 6.660 Thread 0x000002257fdfde00 Thread added: 0x0000022561a3ea40
Event: 6.660 Thread 0x000002257fdfde00 Thread added: 0x0000022561a41ec0
Event: 6.700 Thread 0x000002257fdfde00 Thread added: 0x0000022561a42550
Event: 7.189 Thread 0x000002256041d4f0 Thread added: 0x0000022561a40b10
Event: 7.190 Thread 0x0000022561a40b10 Thread added: 0x0000022561a411a0
Event: 7.190 Thread 0x0000022561a411a0 Thread added: 0x0000022561a3fdf0
Event: 7.256 Thread 0x000002257fdfde00 Thread added: 0x0000022561a3f0d0
Event: 7.256 Thread 0x000002257fdfde00 Thread added: 0x0000022561a40480


Dynamic libraries:
0x00007ff74cd00000 - 0x00007ff74cd0e000 	c:\Users\hk249\.vscode\extensions\redhat.java-1.55.0-win32-x64\jre\21.0.11-win32-x86_64\bin\java.exe
0x00007ffb14900000 - 0x00007ffb14b66000 	C:\WINDOWS\SYSTEM32\ntdll.dll
0x00007ffb13bb0000 - 0x00007ffb13c79000 	C:\WINDOWS\System32\KERNEL32.DLL
0x00007ffb11e10000 - 0x00007ffb12210000 	C:\WINDOWS\System32\KERNELBASE.dll
0x00007ffb12220000 - 0x00007ffb1236c000 	C:\WINDOWS\System32\ucrtbase.dll
0x00007ffad6200000 - 0x00007ffad621e000 	c:\Users\hk249\.vscode\extensions\redhat.java-1.55.0-win32-x64\jre\21.0.11-win32-x86_64\bin\VCRUNTIME140.dll
0x00007ffad6220000 - 0x00007ffad6238000 	c:\Users\hk249\.vscode\extensions\redhat.java-1.55.0-win32-x64\jre\21.0.11-win32-x86_64\bin\jli.dll
0x00007ffb14310000 - 0x00007ffb144d7000 	C:\WINDOWS\System32\USER32.dll
0x00007ffb12570000 - 0x00007ffb12597000 	C:\WINDOWS\System32\win32u.dll
0x00007ffaf3c70000 - 0x00007ffaf3f02000 	C:\WINDOWS\WinSxS\amd64_microsoft.windows.common-controls_6595b64144ccf1df_6.0.26100.8737_none_3e092eaee333b772\COMCTL32.dll
0x00007ffb126c0000 - 0x00007ffb126eb000 	C:\WINDOWS\System32\GDI32.dll
0x00007ffb14810000 - 0x00007ffb148b9000 	C:\WINDOWS\System32\msvcrt.dll
0x00007ffb12380000 - 0x00007ffb124a9000 	C:\WINDOWS\System32\gdi32full.dll
0x00007ffb11d60000 - 0x00007ffb11e03000 	C:\WINDOWS\System32\msvcp_win.dll
0x00007ffb134a0000 - 0x00007ffb134d2000 	C:\WINDOWS\System32\IMM32.DLL
0x00007ffb0c7e0000 - 0x00007ffb0c7ec000 	c:\Users\hk249\.vscode\extensions\redhat.java-1.55.0-win32-x64\jre\21.0.11-win32-x86_64\bin\vcruntime140_1.dll
0x00007ffaac6b0000 - 0x00007ffaac73d000 	c:\Users\hk249\.vscode\extensions\redhat.java-1.55.0-win32-x64\jre\21.0.11-win32-x86_64\bin\msvcp140.dll
0x00007ffa231b0000 - 0x00007ffa23f52000 	c:\Users\hk249\.vscode\extensions\redhat.java-1.55.0-win32-x64\jre\21.0.11-win32-x86_64\bin\server\jvm.dll
0x00007ffb12960000 - 0x00007ffb12a17000 	C:\WINDOWS\System32\ADVAPI32.dll
0x00007ffb12820000 - 0x00007ffb128ca000 	C:\WINDOWS\System32\sechost.dll
0x00007ffb126f0000 - 0x00007ffb12808000 	C:\WINDOWS\System32\RPCRT4.dll
0x00007ffb128d0000 - 0x00007ffb12950000 	C:\WINDOWS\System32\WS2_32.dll
0x00007ffb11980000 - 0x00007ffb119de000 	C:\WINDOWS\SYSTEM32\POWRPROF.dll
0x00007ffb0a210000 - 0x00007ffb0a21b000 	C:\WINDOWS\SYSTEM32\VERSION.dll
0x00007ffb0a1d0000 - 0x00007ffb0a206000 	C:\WINDOWS\SYSTEM32\WINMM.dll
0x00007ffb11960000 - 0x00007ffb11974000 	C:\WINDOWS\SYSTEM32\UMPDC.dll
0x00007ffb10800000 - 0x00007ffb1081b000 	C:\WINDOWS\SYSTEM32\kernel.appcore.dll
0x00007ffb07f20000 - 0x00007ffb07f2a000 	c:\Users\hk249\.vscode\extensions\redhat.java-1.55.0-win32-x64\jre\21.0.11-win32-x86_64\bin\jimage.dll
0x00007ffb04f20000 - 0x00007ffb05162000 	C:\WINDOWS\SYSTEM32\DBGHELP.DLL
0x00007ffb13680000 - 0x00007ffb13a03000 	C:\WINDOWS\System32\combase.dll
0x00007ffb13a10000 - 0x00007ffb13ae9000 	C:\WINDOWS\System32\OLEAUT32.dll
0x00007ffaf2cf0000 - 0x00007ffaf2d2b000 	C:\WINDOWS\SYSTEM32\dbgcore.DLL
0x00007ffb11ca0000 - 0x00007ffb11d4c000 	C:\WINDOWS\System32\bcryptPrimitives.dll
0x00007ffb044d0000 - 0x00007ffb044df000 	c:\Users\hk249\.vscode\extensions\redhat.java-1.55.0-win32-x64\jre\21.0.11-win32-x86_64\bin\instrument.dll
0x00007ffaf8580000 - 0x00007ffaf85a0000 	c:\Users\hk249\.vscode\extensions\redhat.java-1.55.0-win32-x64\jre\21.0.11-win32-x86_64\bin\java.dll
0x00007ffb12d00000 - 0x00007ffb13492000 	C:\WINDOWS\System32\SHELL32.dll
0x00007ffb0f590000 - 0x00007ffb0fe22000 	C:\WINDOWS\SYSTEM32\windows.storage.dll
0x00007ffb13580000 - 0x00007ffb13677000 	C:\WINDOWS\System32\SHCORE.dll
0x00007ffb12650000 - 0x00007ffb126b7000 	C:\WINDOWS\System32\shlwapi.dll
0x00007ffb11a40000 - 0x00007ffb11a69000 	C:\WINDOWS\SYSTEM32\profapi.dll
0x00007ffad5c10000 - 0x00007ffad5c28000 	c:\Users\hk249\.vscode\extensions\redhat.java-1.55.0-win32-x64\jre\21.0.11-win32-x86_64\bin\zip.dll
0x00007ffb04420000 - 0x00007ffb04430000 	C:\Users\hk249\.vscode\extensions\redhat.java-1.55.0-win32-x64\jre\21.0.11-win32-x86_64\bin\net.dll
0x00007ffb0a020000 - 0x00007ffb0a149000 	C:\WINDOWS\SYSTEM32\WINHTTP.dll
0x00007ffb10db0000 - 0x00007ffb10e1c000 	C:\WINDOWS\system32\mswsock.dll
0x00007ffaeac60000 - 0x00007ffaeac76000 	C:\Users\hk249\.vscode\extensions\redhat.java-1.55.0-win32-x64\jre\21.0.11-win32-x86_64\bin\nio.dll
0x00007ffb042f0000 - 0x00007ffb04300000 	c:\Users\hk249\.vscode\extensions\redhat.java-1.55.0-win32-x64\jre\21.0.11-win32-x86_64\bin\verify.dll
0x00007ffaeaca0000 - 0x00007ffaeace5000 	C:\Users\hk249\AppData\Roaming\Code\User\globalStorage\redhat.java\1.55.0\config_win\org.eclipse.equinox.launcher\org.eclipse.equinox.launcher.win32.win32.x86_64_1.3.100.v20260613-0559\eclipse_11924.dll
0x00007ffb14610000 - 0x00007ffb147a9000 	C:\WINDOWS\System32\ole32.dll
0x00007ffb110b0000 - 0x00007ffb110cb000 	C:\WINDOWS\SYSTEM32\CRYPTSP.dll
0x00007ffb10760000 - 0x00007ffb10799000 	C:\WINDOWS\system32\rsaenh.dll
0x00007ffb10e70000 - 0x00007ffb10ea2000 	C:\WINDOWS\SYSTEM32\USERENV.dll
0x00007ffb11a10000 - 0x00007ffb11a3a000 	C:\WINDOWS\SYSTEM32\bcrypt.dll
0x00007ffb110d0000 - 0x00007ffb110dc000 	C:\WINDOWS\SYSTEM32\CRYPTBASE.dll
0x00007ffb101e0000 - 0x00007ffb10213000 	C:\WINDOWS\SYSTEM32\IPHLPAPI.DLL
0x00007ffb12810000 - 0x00007ffb1281a000 	C:\WINDOWS\System32\NSI.dll
0x00007ffacbb00000 - 0x00007ffacbb49000 	C:\Users\hk249\AppData\Local\Temp\jna-99283540\jna8679223702088829228.dll
0x00007ffb13570000 - 0x00007ffb13578000 	C:\WINDOWS\System32\PSAPI.DLL
0x00007ffb0bf50000 - 0x00007ffb0bf6d000 	C:\WINDOWS\SYSTEM32\dhcpcsvc6.DLL
0x00007ffb0beb0000 - 0x00007ffb0bed5000 	C:\WINDOWS\SYSTEM32\dhcpcsvc.DLL

JVMTI agents:
c:\Users\hk249\.vscode\extensions\redhat.java-1.55.0-win32-x64\lombok\lombok-1.18.39-4050.jar path:c:\Users\hk249\.vscode\extensions\redhat.java-1.55.0-win32-x64\jre\21.0.11-win32-x86_64\bin\instrument.dll, loaded, initialized, instrumentlib options:none

dbghelp: loaded successfully - version: 4.0.5 - missing functions: none
symbol engine: initialized successfully - sym options: 0x614 - pdb path: .;c:\Users\hk249\.vscode\extensions\redhat.java-1.55.0-win32-x64\jre\21.0.11-win32-x86_64\bin;C:\WINDOWS\SYSTEM32;C:\WINDOWS\WinSxS\amd64_microsoft.windows.common-controls_6595b64144ccf1df_6.0.26100.8737_none_3e092eaee333b772;c:\Users\hk249\.vscode\extensions\redhat.java-1.55.0-win32-x64\jre\21.0.11-win32-x86_64\bin\server;C:\Users\hk249\AppData\Roaming\Code\User\globalStorage\redhat.java\1.55.0\config_win\org.eclipse.equinox.launcher\org.eclipse.equinox.launcher.win32.win32.x86_64_1.3.100.v20260613-0559;C:\Users\hk249\AppData\Local\Temp\jna-99283540

VM Arguments:
jvm_args: --add-modules=ALL-SYSTEM --add-opens=java.base/java.util=ALL-UNNAMED --add-opens=java.base/java.lang=ALL-UNNAMED --add-opens=java.base/sun.nio.fs=ALL-UNNAMED -Declipse.application=org.eclipse.jdt.ls.core.id1 -Dosgi.bundles.defaultStartLevel=4 -Declipse.product=org.eclipse.jdt.ls.core.product -Djava.import.generatesMetadataFilesAtProjectRoot=false -DDetectVMInstallationsJob.disabled=true -Dfile.encoding=utf8 -XX:+UseParallelGC -XX:GCTimeRatio=4 -XX:AdaptiveSizePolicyWeight=90 -Dsun.zip.disableMemoryMapping=true -Xmx2G -Xms100m -Xlog:disable -javaagent:c:\Users\hk249\.vscode\extensions\redhat.java-1.55.0-win32-x64\lombok\lombok-1.18.39-4050.jar -XX:+HeapDumpOnOutOfMemoryError -XX:HeapDumpPath=c:\Users\hk249\AppData\Roaming\Code\User\workspaceStorage\014dbe73b760806c391dcbd143323bf3\redhat.java -Daether.dependencyCollector.impl=bf 
java_command: c:\Users\hk249\.vscode\extensions\redhat.java-1.55.0-win32-x64\server\plugins\org.eclipse.equinox.launcher_1.7.200.v20260619-2039.jar -configuration c:\Users\hk249\AppData\Roaming\Code\User\globalStorage\redhat.java\1.55.0\config_win -data c:\Users\hk249\AppData\Roaming\Code\User\workspaceStorage\014dbe73b760806c391dcbd143323bf3\redhat.java\jdt_ws --pipe=\\.\pipe\lsp-5ad398291d2d4b3a8b071da5bd2be914-sock
java_class_path (initial): c:\Users\hk249\.vscode\extensions\redhat.java-1.55.0-win32-x64\server\plugins\org.eclipse.equinox.launcher_1.7.200.v20260619-2039.jar
Launcher Type: SUN_STANDARD

[Global flags]
    uintx AdaptiveSizePolicyWeight                 = 90                                        {product} {command line}
     intx CICompilerCount                          = 4                                         {product} {ergonomic}
    uintx GCTimeRatio                              = 4                                         {product} {command line}
     bool HeapDumpOnOutOfMemoryError               = true                                   {manageable} {command line}
    ccstr HeapDumpPath                             = c:\Users\hk249\AppData\Roaming\Code\User\workspaceStorage\014dbe73b760806c391dcbd143323bf3\redhat.java         {manageable} {command line}
   size_t InitialHeapSize                          = 104857600                                 {product} {command line}
   size_t MaxHeapSize                              = 2147483648                                {product} {command line}
   size_t MaxNewSize                               = 715653120                                 {product} {ergonomic}
   size_t MinHeapDeltaBytes                        = 524288                                    {product} {ergonomic}
   size_t MinHeapSize                              = 104857600                                 {product} {command line}
   size_t NewSize                                  = 34603008                                  {product} {ergonomic}
    uintx NonNMethodCodeHeapSize                   = 5839372                                {pd product} {ergonomic}
    uintx NonProfiledCodeHeapSize                  = 122909434                              {pd product} {ergonomic}
   size_t OldSize                                  = 70254592                                  {product} {ergonomic}
    uintx ProfiledCodeHeapSize                     = 122909434                              {pd product} {ergonomic}
    uintx ReservedCodeCacheSize                    = 251658240                              {pd product} {ergonomic}
     bool SegmentedCodeCache                       = true                                      {product} {ergonomic}
   size_t SoftMaxHeapSize                          = 2147483648                             {manageable} {ergonomic}
     bool UseCompressedOops                        = true                           {product lp64_product} {ergonomic}
     bool UseLargePagesIndividualAllocation        = false                                  {pd product} {ergonomic}
     bool UseParallelGC                            = true                                      {product} {command line}

Logging:
Log output configuration:
 #0: stdout all=off uptime,level,tags foldmultilines=false
 #1: stderr all=off uptime,level,tags foldmultilines=false

Release file:
JAVA_VERSION="21.0.11" 
MODULES="java.base java.compiler java.datatransfer java.xml java.prefs java.desktop java.instrument java.logging java.management java.security.sasl java.naming java.rmi java.management.rmi java.net.http java.scripting java.security.jgss java.transaction.xa java.sql java.sql.rowset java.xml.crypto java.se java.smartcardio jdk.accessibility jdk.internal.jvmstat jdk.attach jdk.charsets jdk.internal.opt jdk.zipfs jdk.compiler jdk.crypto.ec jdk.crypto.cryptoki jdk.crypto.mscapi jdk.dynalink jdk.internal.ed jdk.editpad jdk.hotspot.agent jdk.httpserver jdk.internal.le jdk.internal.vm.ci jdk.internal.vm.compiler jdk.internal.vm.compiler.management jdk.jartool jdk.javadoc jdk.jcmd jdk.management jdk.management.agent jdk.jconsole jdk.jdeps jdk.jdwp.agent jdk.jdi jdk.jfr jdk.jshell jdk.jsobject jdk.jstatd jdk.localedata jdk.management.jfr jdk.naming.dns jdk.naming.rmi jdk.net jdk.nio.mapmode jdk.random jdk.sctp jdk.security.auth jdk.security.jgss jdk.unsupported jdk.unsupported.desktop jdk.xml.dom" 

Environment Variables:
PATH=C:\Program Files\Common Files\Oracle\Java\javapath;C:\Program Files (x86)\Common Files\Oracle\Java\java8path;C:\Program Files (x86)\Common Files\Oracle\Java\javapath;C:\windows\system32;C:\windows;C:\windows\System32\Wbem;C:\windows\System32\WindowsPowerShell\v1.0\;C:\windows\System32\OpenSSH\;C:\MinGW\bin;C:\WINDOWS\system32;C:\WINDOWS;C:\WINDOWS\System32\Wbem;C:\WINDOWS\System32\WindowsPowerShell\v1.0\;C:\WINDOWS\System32\OpenSSH\;C:\ProgramData\chocolatey\bin;C:\Program Files\Git\cmd;C:\Program Files\Git\mingw64\bin;C:\Program Files\Git\usr\bin;C:\Program Files\nodejs\;C:\Program Files\Java\jdk-23\bin;C:\Program Files\NetBeans-25;C:\Program Files\apache-maven-3.9.11-bin.zip\apache-maven-3.9.11;C:\Program Files\Java;C:\Program Files\Java\jdk-17;E:\apache-maven-3.9.11-bin\apache-maven-3.9.11\bin;C:\Program Files\Java\jdk-23\bin;D:\apache-maven-3.9.12\bin;D:\hk249\hk249\OneDrive\Desktop\Code.exe;C:\Program Files\MongoDB\Server\8.0\bin;C:\Users\hk249\OneDrive\Desktop\MongoDBCompass.lnk;C:\Program Files\MongoDB\Server\8.2\bin;D:\flutter\flutter\bin;C:\Users\hk249\AppData\Roaming\Python\Python313\Scripts;C:\Program Files\Java\jdk-21\bin;D:\Program Files\mysql-connector-java-8.0.24.jar;C:\Program Files\MySQL\MySQL Server 8.0\bin;d:\cursor\resources\app\codeBin;C:\Users\hk249\.cargo\bin;C:\Users\hk249\AppData\Local\Programs\Python\Python313\Scripts\;C:\Users\hk249\AppData\Local\Programs\Python\Python313\;C:\Users\hk249\AppData\Local\Programs\Microsoft VS Code\bin;C:\Users\hk249\AppData\Roaming\npm;C:\Users\hk249\AppData\Local\GitHubDesktop\bin;C:\Users\hk249\AppData\Local\Programs\mongosh\;C:\Users\hk249\AppData\Local\Programs\Microsoft VS Code Insiders\bin;C:\Users\hk249\AppData\Local\Programs\Antigravity\bin
USERNAME=hk249
OS=Windows_NT
PROCESSOR_IDENTIFIER=AMD64 Family 25 Model 80 Stepping 0, AuthenticAMD
TMP=C:\Users\hk249\AppData\Local\Temp
TEMP=C:\Users\hk249\AppData\Local\Temp




Periodic native trim disabled

---------------  S Y S T E M  ---------------

OS:
 Windows 11 , 64 bit Build 26100 (10.0.26100.8737)
OS uptime: 0 days 17:38 hours
Hyper-V role detected

CPU: total 12 (initial active 12) (12 cores per cpu, 2 threads per core) family 25 model 80 stepping 0 microcode 0xa50000f, cx8, cmov, fxsr, ht, mmx, 3dnowpref, sse, sse2, sse3, ssse3, sse4a, sse4.1, sse4.2, popcnt, lzcnt, tsc, tscinvbit, avx, avx2, aes, erms, clmul, bmi1, bmi2, adx, sha, fma, vzeroupper, clflush, clflushopt, hv, rdtscp, rdpid, fsrm, f16c, cet_ss
Processor Information for the first 12 processors :
  Max Mhz: 3301, Current Mhz: 3301, Mhz Limit: 3301

Memory: 4k page, system-wide physical 15710M (2042M free)
TotalPageFile size 24580M (AvailPageFile size 5M)
current process WorkingSet (physical memory assigned to process): 229M, peak: 234M
current process commit charge ("private bytes"): 353M, peak: 360M

vm_info: OpenJDK 64-Bit Server VM (21.0.11+10-LTS) for windows-amd64 JRE (21.0.11+10-LTS), built on 2026-04-21T00:00:00Z by "admin" with MS VC++ 17.12 (VS2022)

END.
